python : C:\Users\gabgab8608\Documents\acads\gab\bindl\test_workflow.py:10: 
DeprecationWarning: datetime.datetime.utcnow() is deprecated and scheduled for 
removal in a future version. Use timezone-aware objects to represent datetimes 
in UTC: datetime.datetime.now(datetime.UTC).
At line:1 char:1
+ python test_workflow.py > test_output.txt 2>&1; type test_output.txt  ...
+ ~~~~~~~~~~~~~~~~~~~~~~~~~~~~~~~~~~~~~~~~~~~~~~
    + CategoryInfo          : NotSpecified: (C:\Users\gabgab...(datetime.UTC). 
   :String) [], RemoteException
    + FullyQualifiedErrorId : NativeCommandError
 
  future_deadline = (datetime.utcnow() + timedelta(days=180)).isoformat() + "Z"

======================================================================
TEST 1: Create Contract
======================================================================

======================================================================
POST /contracts/
======================================================================
Status Code: 201
Response: {
  "contract_id": "BDL-D1906D",
  "id": "d1906dd5-e435-4ef9-b17d-7ba2d22e535f",
  "link_token": "VFgs9aGbZTwEr7ibg69MhIr8LG1ot11ov2PGTgNdEXg",
  "pay_url": "http://localhost:3000/pay/VFgs9aGbZTwEr7ibg69MhIr8LG1ot11ov2PGTgNdEXg",
  "status": "CREATED",
  "type": "digital",
  "title": "Web Development Project",
  "amount_usdc": "2000",
  "amount_php": null,
  "deadline": "2026-09-25T05:21:29",
  "party_a": "John Smith",
  "party_a_wallet": "0x1234567890123456789012345678901234567890",
  "party_b": null,
  "party_b_wallet": null,
  "party_b_email": "developer@example.com",
  "terms_hash": "0xe7134c981825895eeedc42ed85313337b8e92be7fd09e91f86d45b016017c254",
  "created_at": "2026-03-29T05:21:31",
  "email_sent": false,
  "email_warning": "Email could not be sent. Party B may need to use the link directly."
}

Contract created: ID=d1906dd5-e435-4ef9-b17d-7ba2d22e535f, Link Token=VFgs9aGbZTwEr7ibg69MhIr8LG1ot11ov2PGTgNdEXg

======================================================================
TEST 2: Party B Agrees
======================================================================

======================================================================
POST /contracts/VFgs9aGbZTwEr7ibg69MhIr8LG1ot11ov2PGTgNdEXg/agree
Query params: {'wallet': '0xaaaaaaaaaaaaaaaaaaaaaaaaaaaaaaaaaaaaaaaa'}
======================================================================
Status Code: 200
Response: {
  "agreed": true,
  "status": "",
  "terms_hash": "0xe7134c981825895eeedc42ed85313337b8e92be7fd09e91f86d45b016017c254",
  "next": "work_submission",
  "party_b_id": "66addacc-427f-47f7-bd73-c3ff652bac97"
}

Status after Party B agreed: 
INFO: Expected ONGOING, got 

======================================================================
TEST 3: Get Contract Details
======================================================================

======================================================================
GET /contracts/VFgs9aGbZTwEr7ibg69MhIr8LG1ot11ov2PGTgNdEXg
======================================================================
Status Code: 200
Response: {
  "contract_id": "BDL-D1906D",
  "id": "d1906dd5-e435-4ef9-b17d-7ba2d22e535f",
  "link_token": "VFgs9aGbZTwEr7ibg69MhIr8LG1ot11ov2PGTgNdEXg",
  "status": "",
  "type": "digital",
  "title": "Web Development Project",
  "description": "Build a website for TrustLink",
  "deliverables": [
    "index.html",
    "styles.css",
    "app.js",
    "documentation.md"
  ],
  "acceptance_criteria": [
    "All pages responsive",
    "Mobile friendly",
    "Fast loading"
  ],
  "revision_count": 0,
  "deadline": "2026-09-25T05:21:29",
  "amount_usdc": "2000",
  "amount_php": null,
  "terms_hash": "0xe7134c981825895eeedc42ed85313337b8e92be7fd09e91f86d45b016017c254",
  "created_at": "2026-03-29T05:21:31",
  "party_a": "John Smith",
  "party_a_wallet": "0x1234567890123456789012345678901234567890",
  "party_b": "0xaaaaaaaaaaaaaaaaaaaaaaaaaaaaaaaaaaaaaaaa",
  "party_b_wallet": "0xaaaaaaaaaaaaaaaaaaaaaaaaaaaaaaaaaaaaaaaa",
  "party_b_email": "developer@example.com",
  "milestones": []
}

Contract Status: 
Party A Agreed At: None
Party B Agreed At: None

======================================================================
TEST 4: Party B Submits Work
======================================================================

======================================================================
POST /contracts/VFgs9aGbZTwEr7ibg69MhIr8LG1ot11ov2PGTgNdEXg/submit-work
======================================================================
Status Code: 400
Response: {
  "detail": "Contract must be ONGOING to submit work. Status: "
}

Work submitted successfully

======================================================================
TEST 5: Party A Approves Work
======================================================================

======================================================================
POST /contracts/VFgs9aGbZTwEr7ibg69MhIr8LG1ot11ov2PGTgNdEXg/approve-work
======================================================================
Status Code: 400
Response: {
  "detail": "No work has been submitted yet"
}

Work approval response received

======================================================================
TEST 6: Final Contract State
======================================================================

======================================================================
GET /contracts/VFgs9aGbZTwEr7ibg69MhIr8LG1ot11ov2PGTgNdEXg
======================================================================
Status Code: 200
Response: {
  "contract_id": "BDL-D1906D",
  "id": "d1906dd5-e435-4ef9-b17d-7ba2d22e535f",
  "link_token": "VFgs9aGbZTwEr7ibg69MhIr8LG1ot11ov2PGTgNdEXg",
  "status": "",
  "type": "digital",
  "title": "Web Development Project",
  "description": "Build a website for TrustLink",
  "deliverables": [
    "index.html",
    "styles.css",
    "app.js",
    "documentation.md"
  ],
  "acceptance_criteria": [
    "All pages responsive",
    "Mobile friendly",
    "Fast loading"
  ],
  "revision_count": 0,
  "deadline": "2026-09-25T05:21:29",
  "amount_usdc": "2000",
  "amount_php": null,
  "terms_hash": "0xe7134c981825895eeedc42ed85313337b8e92be7fd09e91f86d45b016017c254",
  "created_at": "2026-03-29T05:21:31",
  "party_a": "John Smith",
  "party_a_wallet": "0x1234567890123456789012345678901234567890",
  "party_b": "0xaaaaaaaaaaaaaaaaaaaaaaaaaaaaaaaaaaaaaaaa",
  "party_b_wallet": "0xaaaaaaaaaaaaaaaaaaaaaaaaaaaaaaaaaaaaaaaa",
  "party_b_email": "developer@example.com",
  "milestones": []
}

Final Contract Status: 
Work Submitted At: None
Work Submitted By: None
Work Approved At: None
Work Approved By: None

======================================================================
TEST 7: Lock Contract
======================================================================

======================================================================
POST /contracts/VFgs9aGbZTwEr7ibg69MhIr8LG1ot11ov2PGTgNdEXg/lock
======================================================================
Status Code: 400
Response: {
  "detail": "Contract cannot be locked from  state"
}

Status after lock: None

======================================================================
WORKFLOW TEST COMPLETE
======================================================================
